// Jest Snapshot v1, https://goo.gl/fbAQLP

exports[`Transactions screen should render 1`] = `
<Content>
  <Header>
    Transações
  </Header>
  <NoRegister />
  <TransactionTable
    transactions={Array []}
    updateTransactions={[Function]}
  />
</Content>
`;
