// Jest Snapshot v1, https://goo.gl/fbAQLP

exports[`SideBar should render 1`] = `
<ContextConsumer>
  <Component />
</ContextConsumer>
`;
