// Jest Snapshot v1, https://goo.gl/fbAQLP

exports[`Text should render 1`] = `
<p
  className="a-text--secondary-very-small "
>
  Uma palabra por-favor
</p>
`;
